// Jest Snapshot v1, https://goo.gl/fbAQLP

exports[`App should match the Snapshot 1`] = `
ShallowWrapper {
  "length": 1,
  Symbol(enzyme.__root__): [Circular],
  Symbol(enzyme.__unrendered__): <App />,
  Symbol(enzyme.__renderer__): Object {
    "batchedUpdates": [Function],
    "getNode": [Function],
    "render": [Function],
    "simulateEvent": [Function],
    "unmount": [Function],
  },
  Symbol(enzyme.__node__): Object {
    "instance": null,
    "key": undefined,
    "nodeType": "host",
    "props": Object {
      "children": Array [
        <div
          className="progress-container"
>
          <div
                    className="progress-bar"
                    id="bee-bar"
          />
</div>,
        <SwitchButton
          toggleQuestionsEnabled={[Function]}
/>,
        <Header
          questionsEnabled={true}
          saveUser={[Function]}
          startScroll={[Function]}
/>,
        <Impact
          currentUserId={null}
          displayGraphCover={true}
          questionsEnabled={true}
          startScroll={[Function]}
/>,
        <BeeFacts
          currentUserId={null}
          questionsEnabled={true}
          startScroll={[Function]}
/>,
        <Problems
          currentUserId={null}
          questionsEnabled={true}
          startScroll={[Function]}
/>,
        <Help
          questionsEnabled={true}
/>,
        <Statistics
          userId={null}
/>,
      ],
      "className": "App",
      "onScroll": [Function],
    },
    "ref": null,
    "rendered": Array [
      Object {
        "instance": null,
        "key": undefined,
        "nodeType": "host",
        "props": Object {
          "children": <div
            className="progress-bar"
            id="bee-bar"
/>,
          "className": "progress-container",
        },
        "ref": null,
        "rendered": Object {
          "instance": null,
          "key": undefined,
          "nodeType": "host",
          "props": Object {
            "className": "progress-bar",
            "id": "bee-bar",
          },
          "ref": null,
          "rendered": null,
          "type": "div",
        },
        "type": "div",
      },
      Object {
        "instance": null,
        "key": undefined,
        "nodeType": "class",
        "props": Object {
          "toggleQuestionsEnabled": [Function],
        },
        "ref": null,
        "rendered": null,
        "type": [Function],
      },
      Object {
        "instance": null,
        "key": undefined,
        "nodeType": "class",
        "props": Object {
          "questionsEnabled": true,
          "saveUser": [Function],
          "startScroll": [Function],
        },
        "ref": null,
        "rendered": null,
        "type": [Function],
      },
      Object {
        "instance": null,
        "key": undefined,
        "nodeType": "class",
        "props": Object {
          "currentUserId": null,
          "displayGraphCover": true,
          "questionsEnabled": true,
          "startScroll": [Function],
        },
        "ref": null,
        "rendered": null,
        "type": [Function],
      },
      Object {
        "instance": null,
        "key": undefined,
        "nodeType": "class",
        "props": Object {
          "currentUserId": null,
          "questionsEnabled": true,
          "startScroll": [Function],
        },
        "ref": null,
        "rendered": null,
        "type": [Function],
      },
      Object {
        "instance": null,
        "key": undefined,
        "nodeType": "class",
        "props": Object {
          "currentUserId": null,
          "questionsEnabled": true,
          "startScroll": [Function],
        },
        "ref": null,
        "rendered": null,
        "type": [Function],
      },
      Object {
        "instance": null,
        "key": undefined,
        "nodeType": "function",
        "props": Object {
          "questionsEnabled": true,
        },
        "ref": null,
        "rendered": null,
        "type": [Function],
      },
      Object {
        "instance": null,
        "key": undefined,
        "nodeType": "class",
        "props": Object {
          "userId": null,
        },
        "ref": null,
        "rendered": null,
        "type": [Function],
      },
    ],
    "type": "div",
  },
  Symbol(enzyme.__nodes__): Array [
    Object {
      "instance": null,
      "key": undefined,
      "nodeType": "host",
      "props": Object {
        "children": Array [
          <div
            className="progress-container"
>
            <div
                        className="progress-bar"
                        id="bee-bar"
            />
</div>,
          <SwitchButton
            toggleQuestionsEnabled={[Function]}
/>,
          <Header
            questionsEnabled={true}
            saveUser={[Function]}
            startScroll={[Function]}
/>,
          <Impact
            currentUserId={null}
            displayGraphCover={true}
            questionsEnabled={true}
            startScroll={[Function]}
/>,
          <BeeFacts
            currentUserId={null}
            questionsEnabled={true}
            startScroll={[Function]}
/>,
          <Problems
            currentUserId={null}
            questionsEnabled={true}
            startScroll={[Function]}
/>,
          <Help
            questionsEnabled={true}
/>,
          <Statistics
            userId={null}
/>,
        ],
        "className": "App",
        "onScroll": [Function],
      },
      "ref": null,
      "rendered": Array [
        Object {
          "instance": null,
          "key": undefined,
          "nodeType": "host",
          "props": Object {
            "children": <div
              className="progress-bar"
              id="bee-bar"
/>,
            "className": "progress-container",
          },
          "ref": null,
          "rendered": Object {
            "instance": null,
            "key": undefined,
            "nodeType": "host",
            "props": Object {
              "className": "progress-bar",
              "id": "bee-bar",
            },
            "ref": null,
            "rendered": null,
            "type": "div",
          },
          "type": "div",
        },
        Object {
          "instance": null,
          "key": undefined,
          "nodeType": "class",
          "props": Object {
            "toggleQuestionsEnabled": [Function],
          },
          "ref": null,
          "rendered": null,
          "type": [Function],
        },
        Object {
          "instance": null,
          "key": undefined,
          "nodeType": "class",
          "props": Object {
            "questionsEnabled": true,
            "saveUser": [Function],
            "startScroll": [Function],
          },
          "ref": null,
          "rendered": null,
          "type": [Function],
        },
        Object {
          "instance": null,
          "key": undefined,
          "nodeType": "class",
          "props": Object {
            "currentUserId": null,
            "displayGraphCover": true,
            "questionsEnabled": true,
            "startScroll": [Function],
          },
          "ref": null,
          "rendered": null,
          "type": [Function],
        },
        Object {
          "instance": null,
          "key": undefined,
          "nodeType": "class",
          "props": Object {
            "currentUserId": null,
            "questionsEnabled": true,
            "startScroll": [Function],
          },
          "ref": null,
          "rendered": null,
          "type": [Function],
        },
        Object {
          "instance": null,
          "key": undefined,
          "nodeType": "class",
          "props": Object {
            "currentUserId": null,
            "questionsEnabled": true,
            "startScroll": [Function],
          },
          "ref": null,
          "rendered": null,
          "type": [Function],
        },
        Object {
          "instance": null,
          "key": undefined,
          "nodeType": "function",
          "props": Object {
            "questionsEnabled": true,
          },
          "ref": null,
          "rendered": null,
          "type": [Function],
        },
        Object {
          "instance": null,
          "key": undefined,
          "nodeType": "class",
          "props": Object {
            "userId": null,
          },
          "ref": null,
          "rendered": null,
          "type": [Function],
        },
      ],
      "type": "div",
    },
  ],
  Symbol(enzyme.__options__): Object {
    "adapter": ReactSixteenAdapter {
      "options": Object {
        "enableComponentDidUpdateOnSetState": true,
      },
    },
    "disableLifecycleMethods": true,
  },
}
`;
